[2026-07-01 11:15:07] ===== 배치 시작 — 대상 1개 채널 =====
[2026-07-01 11:15:07] --- (1/1) https://www.youtube.com/@gamst6217 ---
[1/5] 채널 ID 변환: https://www.youtube.com/@gamst6217
[2/5] 채널 통계 수집 (L1): UCbFzvzDu17eDZ3RIeaLRswQ
[3/5] 영상 목록 수집: 최근 6개월
      → 영상 87개
[4/5] 영상 통계 수집 (L2)
[5/5] 댓글 수집 (L3) — 가장 무거운 단계
      → 적재 시작 (쿼터 사용: 93/10000)

완료 ✓  영상 87개 · 댓글 8632개 · 댓글비활성 0개 · 쿼터 93유닛
[2026-07-01 11:15:27]     ✓ 성공 — 영상 87 · 댓글 8632 · 누적 쿼터 93/10000
[2026-07-01 11:15:27] ----- 지표 재계산 -----

====================================================
채널 1 — 파생 지표
====================================================
  [중간값]
    구독자            3000000
    평균조회수          949,303.25
    평균좋아요          12,857.26
    평균댓글           1,453.38
    전체댓글계정         7776
    2개이상           569
    고정댓글러문턱        44개 이상
  [파생 지표]
    구독자 대비 조회수 비율   31.64 %
    공개 참여율 (ER)         1.51 %
    업로드 빈도              3.44 개/주
    댓글 작성자 중복률        7.32 %
    고정 댓글러 수           0 명
    평균 댓글 길이           27.50 자
    Loyalty Score           0.03

✓ 저장 완료 (channel_metrics)
[2026-07-01 11:15:28]     ✓ 지표 재계산 완료
[2026-07-01 11:15:28] ===== 배치 종료 — 성공 1 · 실패 0 · 건너뜀 0 · 성공률 100.0% · 총 쿼터 93 =====

